<a href="https://ourapp.com" title="Title">Label</a>